******************************************************************************
                  TI ARM Linker PC v20.2.7                     
******************************************************************************
>> Linked Tue Jan 30 20:06:54 2024

OUTPUT FILE NAME:   <AUTOSAR_Project.out>
ENTRY POINT SYMBOL: "_c_int00_noargs"  address: 00003bcd


MEMORY CONFIGURATION

         name            origin    length      used     unused   attr    fill
----------------------  --------  ---------  --------  --------  ----  --------
  FLASH                 00000000   00040000  00003e09  0003c1f7  R  X
  SRAM                  20000000   00008000  00000216  00007dea  RW X


SEGMENT ALLOCATION MAP

run origin  load origin   length   init length attrs members
----------  ----------- ---------- ----------- ----- -------
00000000    00000000    00003e10   00003e10    r-x
  00000000    00000000    0000026c   0000026c    r-- .intvecs
  0000026c    0000026c    000039f6   000039f6    r-x .text
  00003c62    00003c62    00000187   00000187    r-- .const
  00003df0    00003df0    00000020   00000020    r-- .cinit
20000000    20000000    00000216   00000000    rw-
  20000000    20000000    00000200   00000000    rw- .stack
  20000200    20000200    00000016   00000000    rw- .data


SECTION ALLOCATION MAP

 output                                  attributes/
section   page    origin      length       input sections
--------  ----  ----------  ----------   ----------------
.intvecs   0    00000000    0000026c     
                  00000000    0000026c     tm4c123gh6pm_startup_ccs.obj (.intvecs)

.text      0    0000026c    000039f6     
                  0000026c    000032d0     Port.obj (.text)
                  0000353c    0000030c     Dio.obj (.text)
                  00003848    000000a8     Os.obj (.text)
                  000038f0    0000009c     rtsv7M4_T_le_v4SPD16_eabi.lib : memcpy_t2.asm.obj (.text)
                  0000398c    0000007c     Button.obj (.text)
                  00003a08    0000007c     Gpt.obj (.text)
                  00003a84    00000068     rtsv7M4_T_le_v4SPD16_eabi.lib : copy_decompress_lzss.c.obj (.text:decompress:lzss:__TI_decompress_lzss)
                  00003aec    0000005c     App.obj (.text)
                  00003b48    00000044     rtsv7M4_T_le_v4SPD16_eabi.lib : autoinit.c.obj (.text:__TI_auto_init_nobinit_nopinit:__TI_auto_init_nobinit_nopinit)
                  00003b8c    0000003e     Led.obj (.text)
                  00003bca    00000002     --HOLE-- [fill = 0]
                  00003bcc    00000034     rtsv7M4_T_le_v4SPD16_eabi.lib : boot_cortex_m.c.obj (.text:_c_int00_noargs:_c_int00_noargs)
                  00003c00    00000020     Mcu.obj (.text)
                  00003c20    00000016     Det.obj (.text)
                  00003c36    0000000e     rtsv7M4_T_le_v4SPD16_eabi.lib : copy_decompress_none.c.obj (.text:decompress:none:__TI_decompress_none)
                  00003c44    0000000c     tm4c123gh6pm_startup_ccs.obj (.text)
                  00003c50    0000000a     main.obj (.text)
                  00003c5a    00000004     rtsv7M4_T_le_v4SPD16_eabi.lib : pre_init.c.obj (.text:_system_pre_init)
                  00003c5e    00000004                                   : exit.c.obj (.text:abort:abort)

.const     0    00003c62    00000187     
                  00003c62    00000183     Port_PBcfg.obj (.const:Port_Configuration)
                  00003de5    00000004     Dio_PBcfg.obj (.const:Dio_Configuration)

.cinit     0    00003df0    00000020     
                  00003df0    0000000e     (.cinit..data.load) [load image, compression = lzss]
                  00003dfe    00000002     --HOLE-- [fill = 0]
                  00003e00    00000008     (__TI_handler_table)
                  00003e08    00000008     (__TI_cinit_table)

.init_array 
*          0    00000000    00000000     UNINITIALIZED

.data      0    20000200    00000016     UNINITIALIZED
                  20000200    00000005     Dio.obj (.data)
                  20000205    00000003     Button.obj (.data)
                  20000208    00000005     Port.obj (.data)
                  2000020d    00000002     App.obj (.data)
                  2000020f    00000001     --HOLE--
                  20000210    00000004     Gpt.obj (.data)
                  20000214    00000002     Os.obj (.data)

.stack     0    20000000    00000200     UNINITIALIZED
                  20000000    00000004     rtsv7M4_T_le_v4SPD16_eabi.lib : boot_cortex_m.c.obj (.stack)
                  20000004    000001fc     --HOLE--

__llvm_prf_cnts 
*          0    20000000    00000000     UNINITIALIZED

MODULE SUMMARY

       Module                         code    ro data   rw data
       ------                         ----    -------   -------
    .\
       Port.obj                       13008   0         5      
       Dio.obj                        780     0         5      
       tm4c123gh6pm_startup_ccs.obj   12      620       0      
       Port_PBcfg.obj                 0       387       0      
       Os.obj                         168     0         2      
       Gpt.obj                        124     0         4      
       Button.obj                     124     0         3      
       App.obj                        92      0         2      
       Led.obj                        62      0         0      
       Mcu.obj                        32      0         0      
       Det.obj                        22      0         0      
       main.obj                       10      0         0      
       Dio_PBcfg.obj                  0       4         0      
    +--+------------------------------+-------+---------+---------+
       Total:                         14434   1011      21     
                                                               
    C:\ti\ccs1250\ccs\tools\compiler\ti-cgt-arm_20.2.7.LTS\lib\rtsv7M4_T_le_v4SPD16_eabi.lib
       memcpy_t2.asm.obj              156     0         0      
       copy_decompress_lzss.c.obj     104     0         0      
       autoinit.c.obj                 68      0         0      
       boot_cortex_m.c.obj            52      0         0      
       copy_decompress_none.c.obj     14      0         0      
       exit.c.obj                     4       0         0      
       pre_init.c.obj                 4       0         0      
    +--+------------------------------+-------+---------+---------+
       Total:                         402     0         0      
                                                               
       Stack:                         0       0         512    
       Linker Generated:              0       30        0      
    +--+------------------------------+-------+---------+---------+
       Grand Total:                   14836   1041      533    


LINKER GENERATED COPY TABLES

__TI_cinit_table @ 00003e08 records: 1, size/record: 8, table size: 8
	.data: load addr=00003df0, load size=0000000e bytes, run addr=20000200, run size=00000016 bytes, compression=lzss


LINKER GENERATED HANDLER TABLE

__TI_handler_table @ 00003e00 records: 2, size/record: 4, table size: 8
	index: 0, handler: __TI_decompress_lzss
	index: 1, handler: __TI_decompress_none


GLOBAL SYMBOLS: SORTED ALPHABETICALLY BY Name 

address   name                          
-------   ----                          
00003b11  App_Task                      
0000398d  Button_GetState               
00003993  Button_RefreshState           
00003b01  Button_Task                   
00003c5f  C$$EXIT                       
00003c21  Det_ReportError               
00003de5  Dio_Configuration             
0000371b  Dio_FlipChannel               
0000353d  Dio_Init                      
00003641  Dio_ReadChannel               
00003561  Dio_WriteChannel              
00003aed  Init_Task                     
00003ba5  Led_RefreshOutput             
00003b99  Led_SetOff                    
00003b8d  Led_SetOn                     
00003b09  Led_Task                      
00003bbd  Led_Toggle                    
00003c01  Mcu_Init                      
00003863  Os_NewTimerTick               
00003873  Os_Scheduler                  
00003849  Os_start                      
00003c62  Port_Configuration            
0000026d  Port_Init                     
00001f03  Port_RefreshPortDirection     
00001def  Port_SetPinDirection          
00002009  Port_SetPinMode               
00003c45  ResetISR                      
00003a09  SysTick_Handler               
00003a61  SysTick_SetCallBack           
00003a19  SysTick_Start                 
00003a59  SysTick_Stop                  
20000200  __STACK_END                   
00000200  __STACK_SIZE                  
20000200  __STACK_TOP                   
00003e08  __TI_CINIT_Base               
00003e10  __TI_CINIT_Limit              
00003e00  __TI_Handler_Table_Base       
00003e08  __TI_Handler_Table_Limit      
00003b49  __TI_auto_init_nobinit_nopinit
00003a85  __TI_decompress_lzss          
00003c37  __TI_decompress_none          
ffffffff  __TI_pprof_out_hndl           
ffffffff  __TI_prof_data_size           
ffffffff  __TI_prof_data_start          
00000000  __TI_static_base__            
000038f1  __aeabi_memcpy                
000038f1  __aeabi_memcpy4               
000038f1  __aeabi_memcpy8               
ffffffff  __binit__                     
ffffffff  __c_args__                    
UNDEFED   __mpu_init                    
20000000  __stack                       
20000000  __start___llvm_prf_cnts       
20000000  __stop___llvm_prf_cnts        
00003bcd  _c_int00_noargs               
UNDEFED   _system_post_cinit            
00003c5b  _system_pre_init              
00003c5f  abort                         
ffffffff  binit                         
00000000  g_pfnVectors                  
00003c51  main                          
000038f1  memcpy                        


GLOBAL SYMBOLS: SORTED BY Symbol Address 

address   name                          
-------   ----                          
00000000  __TI_static_base__            
00000000  g_pfnVectors                  
00000200  __STACK_SIZE                  
0000026d  Port_Init                     
00001def  Port_SetPinDirection          
00001f03  Port_RefreshPortDirection     
00002009  Port_SetPinMode               
0000353d  Dio_Init                      
00003561  Dio_WriteChannel              
00003641  Dio_ReadChannel               
0000371b  Dio_FlipChannel               
00003849  Os_start                      
00003863  Os_NewTimerTick               
00003873  Os_Scheduler                  
000038f1  __aeabi_memcpy                
000038f1  __aeabi_memcpy4               
000038f1  __aeabi_memcpy8               
000038f1  memcpy                        
0000398d  Button_GetState               
00003993  Button_RefreshState           
00003a09  SysTick_Handler               
00003a19  SysTick_Start                 
00003a59  SysTick_Stop                  
00003a61  SysTick_SetCallBack           
00003a85  __TI_decompress_lzss          
00003aed  Init_Task                     
00003b01  Button_Task                   
00003b09  Led_Task                      
00003b11  App_Task                      
00003b49  __TI_auto_init_nobinit_nopinit
00003b8d  Led_SetOn                     
00003b99  Led_SetOff                    
00003ba5  Led_RefreshOutput             
00003bbd  Led_Toggle                    
00003bcd  _c_int00_noargs               
00003c01  Mcu_Init                      
00003c21  Det_ReportError               
00003c37  __TI_decompress_none          
00003c45  ResetISR                      
00003c51  main                          
00003c5b  _system_pre_init              
00003c5f  C$$EXIT                       
00003c5f  abort                         
00003c62  Port_Configuration            
00003de5  Dio_Configuration             
00003e00  __TI_Handler_Table_Base       
00003e08  __TI_CINIT_Base               
00003e08  __TI_Handler_Table_Limit      
00003e10  __TI_CINIT_Limit              
20000000  __stack                       
20000000  __start___llvm_prf_cnts       
20000000  __stop___llvm_prf_cnts        
20000200  __STACK_END                   
20000200  __STACK_TOP                   
ffffffff  __TI_pprof_out_hndl           
ffffffff  __TI_prof_data_size           
ffffffff  __TI_prof_data_start          
ffffffff  __binit__                     
ffffffff  __c_args__                    
ffffffff  binit                         
UNDEFED   __mpu_init                    
UNDEFED   _system_post_cinit            

[62 symbols]
